// Jest Snapshot v1, https://goo.gl/fbAQLP

exports[`rendering should render the passed children 1`] = `<div />`;
