// Jest Snapshot v1, https://goo.gl/fbAQLP

exports[`rendering should match snapshot 1`] = `
<div>
  <span>
    Your latest hackerne.ws top stories
     
     (you're offline)
  </span>
</div>
`;
